\BOOKMARK [0][-]{chapter*.1}{\376\377\000E\000x\000e\000c\000u\000t\000i\000v\000e\000\040\000S\000u\000m\000m\000a\000r\000y}{}% 1
\BOOKMARK [0][-]{chapter.1}{\376\377\000I\000n\000t\000r\000o\000d\000u\000c\000t\000i\000o\000n}{}% 2
\BOOKMARK [1][-]{section.1.1}{\376\377\000M\000o\000t\000i\000v\000a\000t\000i\000o\000n}{chapter.1}% 3
\BOOKMARK [1][-]{section.1.2}{\376\377\000P\000r\000o\000j\000e\000c\000t\000\040\000O\000b\000j\000e\000c\000t\000i\000v\000e\000s}{chapter.1}% 4
\BOOKMARK [1][-]{section.1.3}{\376\377\000S\000c\000o\000p\000e}{chapter.1}% 5
\BOOKMARK [1][-]{section.1.4}{\376\377\000M\000a\000i\000n\000\040\000C\000o\000n\000t\000r\000i\000b\000u\000t\000i\000o\000n\000s}{chapter.1}% 6
\BOOKMARK [1][-]{section.1.5}{\376\377\000T\000e\000c\000h\000n\000o\000l\000o\000g\000y\000\040\000S\000t\000a\000c\000k}{chapter.1}% 7
\BOOKMARK [0][-]{chapter.2}{\376\377\000B\000a\000c\000k\000g\000r\000o\000u\000n\000d\000\040\000a\000n\000d\000\040\000E\000n\000g\000i\000n\000e\000e\000r\000i\000n\000g\000\040\000P\000r\000i\000n\000c\000i\000p\000l\000e\000s}{}% 8
\BOOKMARK [1][-]{section.2.1}{\376\377\000M\000L\000O\000p\000s\000\040\000R\000e\000q\000u\000i\000r\000e\000m\000e\000n\000t\000s}{chapter.2}% 9
\BOOKMARK [1][-]{section.2.2}{\376\377\000V\000i\000r\000t\000u\000a\000l\000\040\000T\000r\000y\000-\000O\000n}{chapter.2}% 10
\BOOKMARK [1][-]{section.2.3}{\376\377\000L\000L\000M\000\040\000S\000e\000r\000v\000i\000n\000g}{chapter.2}% 11
\BOOKMARK [0][-]{chapter.3}{\376\377\000R\000e\000q\000u\000i\000r\000e\000m\000e\000n\000t\000s\000\040\000A\000n\000a\000l\000y\000s\000i\000s}{}% 12
\BOOKMARK [1][-]{section.3.1}{\376\377\000A\000c\000t\000o\000r\000s}{chapter.3}% 13
\BOOKMARK [1][-]{section.3.2}{\376\377\000F\000u\000n\000c\000t\000i\000o\000n\000a\000l\000\040\000R\000e\000q\000u\000i\000r\000e\000m\000e\000n\000t\000s}{chapter.3}% 14
\BOOKMARK [1][-]{section.3.3}{\376\377\000N\000o\000n\000-\000F\000u\000n\000c\000t\000i\000o\000n\000a\000l\000\040\000R\000e\000q\000u\000i\000r\000e\000m\000e\000n\000t\000s}{chapter.3}% 15
\BOOKMARK [1][-]{section.3.4}{\376\377\000P\000r\000o\000d\000u\000c\000t\000i\000o\000n\000\040\000v\000s\000\040\000D\000i\000a\000g\000n\000o\000s\000t\000i\000c\000s\000\040\000B\000o\000u\000n\000d\000a\000r\000y}{chapter.3}% 16
\BOOKMARK [0][-]{chapter.4}{\376\377\000S\000y\000s\000t\000e\000m\000\040\000A\000r\000c\000h\000i\000t\000e\000c\000t\000u\000r\000e}{}% 17
\BOOKMARK [1][-]{section.4.1}{\376\377\000A\000r\000c\000h\000i\000t\000e\000c\000t\000u\000r\000e\000\040\000O\000v\000e\000r\000v\000i\000e\000w}{chapter.4}% 18
\BOOKMARK [1][-]{section.4.2}{\376\377\000L\000a\000y\000e\000r\000e\000d\000\040\000A\000r\000c\000h\000i\000t\000e\000c\000t\000u\000r\000e}{chapter.4}% 19
\BOOKMARK [1][-]{section.4.3}{\376\377\000F\000r\000o\000n\000t\000e\000n\000d\000\040\000L\000a\000y\000e\000r}{chapter.4}% 20
\BOOKMARK [1][-]{section.4.4}{\376\377\000G\000a\000t\000e\000w\000a\000y\000\040\000L\000a\000y\000e\000r}{chapter.4}% 21
\BOOKMARK [1][-]{section.4.5}{\376\377\000A\000P\000I\000\040\000a\000n\000d\000\040\000W\000o\000r\000k\000f\000l\000o\000w\000\040\000L\000a\000y\000e\000r}{chapter.4}% 22
\BOOKMARK [1][-]{section.4.6}{\376\377\000D\000a\000t\000a\000\040\000a\000n\000d\000\040\000A\000r\000t\000i\000f\000a\000c\000t\000\040\000L\000a\000y\000e\000r}{chapter.4}% 23
\BOOKMARK [1][-]{section.4.7}{\376\377\000O\000b\000s\000e\000r\000v\000a\000b\000i\000l\000i\000t\000y\000\040\000L\000a\000y\000e\000r}{chapter.4}% 24
\BOOKMARK [0][-]{chapter.5}{\376\377\000M\000o\000d\000e\000l\000\040\000S\000e\000r\000v\000i\000n\000g\000\040\000D\000e\000s\000i\000g\000n}{}% 25
\BOOKMARK [1][-]{section.5.1}{\376\377\000P\000r\000o\000d\000u\000c\000t\000i\000o\000n\000\040\000V\000T\000O\000N\000\040\000S\000e\000r\000v\000i\000n\000g}{chapter.5}% 26
\BOOKMARK [1][-]{section.5.2}{\376\377\000V\000T\000O\000N\000\040\000J\000o\000b\000\040\000L\000i\000f\000e\000c\000y\000c\000l\000e}{chapter.5}% 27
\BOOKMARK [1][-]{section.5.3}{\376\377\000M\000u\000l\000t\000i\000-\000G\000P\000U\000\040\000W\000o\000r\000k\000e\000r\000\040\000C\000o\000n\000f\000i\000g\000u\000r\000a\000t\000i\000o\000n}{chapter.5}% 28
\BOOKMARK [1][-]{section.5.4}{\376\377\000P\000r\000o\000d\000u\000c\000t\000i\000o\000n\000\040\000L\000L\000M\000\040\000S\000e\000r\000v\000i\000n\000g}{chapter.5}% 29
\BOOKMARK [0][-]{chapter.6}{\376\377\000G\000o\000v\000e\000r\000n\000a\000n\000c\000e\000,\000\040\000S\000e\000c\000u\000r\000i\000t\000y\000,\000\040\000a\000n\000d\000\040\000R\000e\000s\000p\000o\000n\000s\000i\000b\000l\000e\000\040\000A\000I}{}% 30
\BOOKMARK [1][-]{section.6.1}{\376\377\000A\000u\000t\000h\000e\000n\000t\000i\000c\000a\000t\000i\000o\000n\000\040\000a\000n\000d\000\040\000W\000o\000r\000k\000s\000p\000a\000c\000e\000\040\000M\000o\000d\000e\000l}{chapter.6}% 31
\BOOKMARK [1][-]{section.6.2}{\376\377\000Q\000u\000o\000t\000a\000\040\000a\000n\000d\000\040\000A\000d\000m\000i\000s\000s\000i\000o\000n\000\040\000C\000o\000n\000t\000r\000o\000l}{chapter.6}% 32
\BOOKMARK [1][-]{section.6.3}{\376\377\000G\000u\000a\000r\000d\000r\000a\000i\000l\000s}{chapter.6}% 33
\BOOKMARK [1][-]{section.6.4}{\376\377\000P\000r\000o\000m\000o\000t\000i\000o\000n\000\040\000G\000a\000t\000e}{chapter.6}% 34
\BOOKMARK [1][-]{section.6.5}{\376\377\000S\000u\000p\000p\000l\000y\000\040\000C\000h\000a\000i\000n\000\040\000a\000n\000d\000\040\000P\000r\000i\000v\000a\000c\000y}{chapter.6}% 35
\BOOKMARK [0][-]{chapter.7}{\376\377\000O\000b\000s\000e\000r\000v\000a\000b\000i\000l\000i\000t\000y\000\040\000a\000n\000d\000\040\000O\000p\000e\000r\000a\000t\000i\000o\000n\000s}{}% 36
\BOOKMARK [1][-]{section.7.1}{\376\377\000D\000a\000s\000h\000b\000o\000a\000r\000d\000s}{chapter.7}% 37
\BOOKMARK [1][-]{section.7.2}{\376\377\000L\000o\000g\000s}{chapter.7}% 38
\BOOKMARK [1][-]{section.7.3}{\376\377\000M\000e\000t\000r\000i\000c\000s}{chapter.7}% 39
\BOOKMARK [1][-]{section.7.4}{\376\377\000D\000e\000v\000e\000l\000o\000p\000e\000r\000-\000L\000o\000c\000a\000l\000\040\000P\000o\000r\000t\000s}{chapter.7}% 40
\BOOKMARK [1][-]{section.7.5}{\376\377\000D\000e\000p\000l\000o\000y\000m\000e\000n\000t\000\040\000P\000r\000e\000c\000o\000n\000d\000i\000t\000i\000o\000n\000s}{chapter.7}% 41
\BOOKMARK [0][-]{chapter.8}{\376\377\000E\000x\000p\000e\000r\000i\000m\000e\000n\000t\000s\000\040\000a\000n\000d\000\040\000E\000v\000a\000l\000u\000a\000t\000i\000o\000n}{}% 42
\BOOKMARK [1][-]{section.8.1}{\376\377\000V\000T\000O\000N\000\040\000B\000e\000n\000c\000h\000m\000a\000r\000k\000\040\000R\000e\000s\000u\000l\000t\000s}{chapter.8}% 43
\BOOKMARK [1][-]{section.8.2}{\376\377\000L\000L\000M\000\040\000O\000p\000t\000i\000m\000i\000z\000a\000t\000i\000o\000n\000\040\000R\000e\000s\000u\000l\000t\000s}{chapter.8}% 44
\BOOKMARK [1][-]{section.8.3}{\376\377\000N\000a\000t\000i\000v\000e\000\040\000B\000o\000u\000n\000d\000a\000r\000y\000\040\000E\000v\000a\000l\000u\000a\000t\000i\000o\000n}{chapter.8}% 45
\BOOKMARK [1][-]{section.8.4}{\376\377\000B\000a\000l\000a\000n\000c\000e\000r\000\040\000T\000e\000s\000t\000i\000n\000g}{chapter.8}% 46
\BOOKMARK [0][-]{chapter.9}{\376\377\000L\000i\000m\000i\000t\000a\000t\000i\000o\000n\000s\000\040\000a\000n\000d\000\040\000F\000u\000t\000u\000r\000e\000\040\000W\000o\000r\000k}{}% 47
\BOOKMARK [1][-]{section.9.1}{\376\377\000C\000u\000r\000r\000e\000n\000t\000\040\000L\000i\000m\000i\000t\000a\000t\000i\000o\000n\000s}{chapter.9}% 48
\BOOKMARK [1][-]{section.9.2}{\376\377\000F\000u\000t\000u\000r\000e\000\040\000W\000o\000r\000k}{chapter.9}% 49
\BOOKMARK [1][-]{section.9.3}{\376\377\000I\000m\000p\000l\000e\000m\000e\000n\000t\000a\000t\000i\000o\000n\000\040\000B\000o\000u\000n\000d\000a\000r\000y}{chapter.9}% 50
\BOOKMARK [0][-]{chapter.10}{\376\377\000C\000o\000n\000c\000l\000u\000s\000i\000o\000n}{}% 51
\BOOKMARK [0][-]{chapter*.24}{\376\377\000R\000e\000f\000e\000r\000e\000n\000c\000e\000s}{}% 52
