\BOOKMARK [0][-]{chapter*.1}{\376\377\000T\000\363\000m\000\040\000t\036\257\000t}{}% 1
\BOOKMARK [0][-]{chapter.1}{\376\377\000G\000i\036\333\000i\000\040\000t\000h\000i\036\307\000u}{}% 2
\BOOKMARK [1][-]{section.1.1}{\376\377\001\020\036\331\000n\000g\000\040\000l\036\361\000c}{chapter.1}% 3
\BOOKMARK [1][-]{section.1.2}{\376\377\000M\036\345\000c\000\040\000t\000i\000\352\000u\000\040\001\021\036\323\000\040\000\341\000n}{chapter.1}% 4
\BOOKMARK [1][-]{section.1.3}{\376\377\000H\001\260\036\333\000n\000g\000\040\000p\000h\000\341\000t\000\040\000t\000r\000i\036\303\000n}{chapter.1}% 5
\BOOKMARK [1][-]{section.1.4}{\376\377\001\020\036\267\000c\000\040\001\021\000i\036\303\000m\000\040\000k\036\371\000\040\000t\000h\000u\036\255\000t}{chapter.1}% 6
\BOOKMARK [1][-]{section.1.5}{\376\377\000T\000e\000c\000h\000n\000o\000l\000o\000g\000y\000\040\000S\000t\000a\000c\000k}{chapter.1}% 7
\BOOKMARK [0][-]{chapter.2}{\376\377\000C\001\241\000\040\000s\036\337\000\040\000k\036\371\000\040\000t\000h\000u\036\255\000t\000\040\000v\000\340\000\040\000y\000\352\000u\000\040\000c\036\247\000u\000\040\000M\000L\000O\000p\000s}{}% 8
\BOOKMARK [1][-]{section.2.1}{\376\377\000M\000L\000O\000p\000s\000\040\000t\000r\000o\000n\000g\000\040\000h\036\307\000\040\000t\000h\036\321\000n\000g\000\040\000A\000I}{chapter.2}% 9
\BOOKMARK [1][-]{section.2.2}{\376\377\000V\000i\000r\000t\000u\000a\000l\000\040\000T\000r\000y\000-\000O\000n}{chapter.2}% 10
\BOOKMARK [1][-]{section.2.3}{\376\377\000L\000L\000M\000\040\000S\000e\000r\000v\000i\000n\000g}{chapter.2}% 11
\BOOKMARK [0][-]{chapter.3}{\376\377\000P\000h\000\342\000n\000\040\000t\000\355\000c\000h\000\040\000y\000\352\000u\000\040\000c\036\247\000u}{}% 12
\BOOKMARK [1][-]{section.3.1}{\376\377\000A\000c\000t\000o\000r}{chapter.3}% 13
\BOOKMARK [1][-]{section.3.2}{\376\377\000Y\000\352\000u\000\040\000c\036\247\000u\000\040\000c\000h\036\351\000c\000\040\000n\001\003\000n\000g}{chapter.3}% 14
\BOOKMARK [2][-]{subsection.3.2.1}{\376\377\000M\000o\000d\000u\000l\000e\000\040\000T\000r\000y\000O\000p\000s\000\040\000C\000o\000n\000s\000o\000l\000e\000\040\000v\000\340\000\040\000W\000o\000r\000k\000s\000p\000a\000c\000e}{section.3.2}% 15
\BOOKMARK [2][-]{subsection.3.2.2}{\376\377\000M\000o\000d\000u\000l\000e\000\040\000V\000T\000O\000N\000\040\000W\000o\000r\000k\000f\000l\000o\000w}{section.3.2}% 16
\BOOKMARK [2][-]{subsection.3.2.3}{\376\377\000M\000o\000d\000u\000l\000e\000\040\000L\000L\000M\000\040\000S\000e\000r\000v\000i\000n\000g}{section.3.2}% 17
\BOOKMARK [2][-]{subsection.3.2.4}{\376\377\000M\000o\000d\000u\000l\000e\000\040\000G\000o\000v\000e\000r\000n\000a\000n\000c\000e\000\040\000v\000\340\000\040\000R\000e\000g\000i\000s\000t\000r\000y}{section.3.2}% 18
\BOOKMARK [2][-]{subsection.3.2.5}{\376\377\000M\000o\000d\000u\000l\000e\000\040\000O\000b\000s\000e\000r\000v\000a\000b\000i\000l\000i\000t\000y\000\040\000v\000\340\000\040\000O\000p\000e\000r\000a\000t\000i\000o\000n\000s}{section.3.2}% 19
\BOOKMARK [1][-]{section.3.3}{\376\377\000Y\000\352\000u\000\040\000c\036\247\000u\000\040\000p\000h\000i\000\040\000c\000h\036\351\000c\000\040\000n\001\003\000n\000g}{chapter.3}% 20
\BOOKMARK [1][-]{section.3.4}{\376\377\000L\000u\036\323\000n\000g\000\040\000x\036\355\000\040\000l\000\375\000\040\000c\000h\000\355\000n\000h}{chapter.3}% 21
\BOOKMARK [2][-]{subsection.3.4.1}{\376\377\000L\000u\036\323\000n\000g\000\040\000V\000i\000r\000t\000u\000a\000l\000\040\000T\000r\000y\000-\000O\000n}{section.3.4}% 22
\BOOKMARK [2][-]{subsection.3.4.2}{\376\377\000L\000u\036\323\000n\000g\000\040\000L\000L\000M\000\040\000R\000e\000q\000u\000e\000s\000t}{section.3.4}% 23
\BOOKMARK [2][-]{subsection.3.4.3}{\376\377\000L\000u\036\323\000n\000g\000\040\000M\000o\000d\000e\000l\000\040\000P\000r\000o\000m\000o\000t\000i\000o\000n}{section.3.4}% 24
\BOOKMARK [1][-]{section.3.5}{\376\377\000R\000a\000n\000h\000\040\000g\000i\036\333\000i\000\040\000P\000r\000o\000d\000u\000c\000t\000\040\000v\000\340\000\040\000D\000i\000a\000g\000n\000o\000s\000t\000i\000c\000s}{chapter.3}% 25
\BOOKMARK [0][-]{chapter.4}{\376\377\000K\000i\036\277\000n\000\040\000t\000r\000\372\000c\000\040\000h\036\307\000\040\000t\000h\036\321\000n\000g}{}% 26
\BOOKMARK [1][-]{section.4.1}{\376\377\000T\036\325\000n\000g\000\040\000q\000u\000a\000n\000\040\000k\000i\036\277\000n\000\040\000t\000r\000\372\000c}{chapter.4}% 27
\BOOKMARK [1][-]{section.4.2}{\376\377\000F\000r\000o\000n\000t\000e\000n\000d\000\040\000L\000a\000y\000e\000r}{chapter.4}% 28
\BOOKMARK [1][-]{section.4.3}{\376\377\000G\000a\000t\000e\000w\000a\000y\000\040\000L\000a\000y\000e\000r}{chapter.4}% 29
\BOOKMARK [1][-]{section.4.4}{\376\377\000A\000P\000I\000\040\000v\000\340\000\040\000W\000o\000r\000k\000f\000l\000o\000w\000\040\000L\000a\000y\000e\000r}{chapter.4}% 30
\BOOKMARK [1][-]{section.4.5}{\376\377\000D\000a\000t\000a\000\040\000v\000\340\000\040\000A\000r\000t\000i\000f\000a\000c\000t\000\040\000L\000a\000y\000e\000r}{chapter.4}% 31
\BOOKMARK [1][-]{section.4.6}{\376\377\000O\000b\000s\000e\000r\000v\000a\000b\000i\000l\000i\000t\000y\000\040\000L\000a\000y\000e\000r}{chapter.4}% 32
\BOOKMARK [0][-]{chapter.5}{\376\377\000T\000h\000i\036\277\000t\000\040\000k\036\277\000\040\000M\000o\000d\000e\000l\000\040\000S\000e\000r\000v\000i\000n\000g}{}% 33
\BOOKMARK [1][-]{section.5.1}{\376\377\000V\000T\000O\000N\000\040\000S\000e\000r\000v\000i\000n\000g}{chapter.5}% 34
\BOOKMARK [1][-]{section.5.2}{\376\377\000V\000T\000O\000N\000\040\000J\000o\000b\000\040\000L\000i\000f\000e\000c\000y\000c\000l\000e}{chapter.5}% 35
\BOOKMARK [1][-]{section.5.3}{\376\377\000M\000u\000l\000t\000i\000-\000G\000P\000U\000\040\000W\000o\000r\000k\000e\000r\000\040\000C\000o\000n\000f\000i\000g\000u\000r\000a\000t\000i\000o\000n}{chapter.5}% 36
\BOOKMARK [1][-]{section.5.4}{\376\377\000L\000L\000M\000\040\000S\000e\000r\000v\000i\000n\000g}{chapter.5}% 37
\BOOKMARK [0][-]{chapter.6}{\376\377\000G\000o\000v\000e\000r\000n\000a\000n\000c\000e\000,\000\040\000S\000e\000c\000u\000r\000i\000t\000y\000\040\000v\000\340\000\040\000R\000e\000s\000p\000o\000n\000s\000i\000b\000l\000e\000\040\000A\000I}{}% 38
\BOOKMARK [1][-]{section.6.1}{\376\377\000A\000u\000t\000h\000e\000n\000t\000i\000c\000a\000t\000i\000o\000n\000\040\000v\000\340\000\040\000W\000o\000r\000k\000s\000p\000a\000c\000e\000\040\000M\000o\000d\000e\000l}{chapter.6}% 39
\BOOKMARK [1][-]{section.6.2}{\376\377\000Q\000u\000o\000t\000a\000\040\000v\000\340\000\040\000A\000d\000m\000i\000s\000s\000i\000o\000n\000\040\000C\000o\000n\000t\000r\000o\000l}{chapter.6}% 40
\BOOKMARK [1][-]{section.6.3}{\376\377\000G\000u\000a\000r\000d\000r\000a\000i\000l}{chapter.6}% 41
\BOOKMARK [1][-]{section.6.4}{\376\377\000P\000r\000o\000m\000o\000t\000i\000o\000n\000\040\000G\000a\000t\000e}{chapter.6}% 42
\BOOKMARK [1][-]{section.6.5}{\376\377\000S\000u\000p\000p\000l\000y\000\040\000C\000h\000a\000i\000n\000\040\000v\000\340\000\040\000P\000r\000i\000v\000a\000c\000y}{chapter.6}% 43
\BOOKMARK [0][-]{chapter.7}{\376\377\000O\000b\000s\000e\000r\000v\000a\000b\000i\000l\000i\000t\000y\000\040\000v\000\340\000\040\000V\036\255\000n\000\040\000h\000\340\000n\000h}{}% 44
\BOOKMARK [1][-]{section.7.1}{\376\377\000D\000a\000s\000h\000b\000o\000a\000r\000d}{chapter.7}% 45
\BOOKMARK [1][-]{section.7.2}{\376\377\000L\000o\000g\000s}{chapter.7}% 46
\BOOKMARK [1][-]{section.7.3}{\376\377\000M\000e\000t\000r\000i\000c\000s}{chapter.7}% 47
\BOOKMARK [1][-]{section.7.4}{\376\377\000D\000e\000v\000e\000l\000o\000p\000e\000r\000-\000L\000o\000c\000a\000l\000\040\000P\000o\000r\000t\000s}{chapter.7}% 48
\BOOKMARK [1][-]{section.7.5}{\376\377\000D\000e\000p\000l\000o\000y\000m\000e\000n\000t\000\040\000P\000r\000e\000c\000o\000n\000d\000i\000t\000i\000o\000n\000s}{chapter.7}% 49
\BOOKMARK [0][-]{chapter.8}{\376\377\000T\000h\036\361\000c\000\040\000n\000g\000h\000i\036\307\000m\000\040\000v\000\340\000\040\001\021\000\341\000n\000h\000\040\000g\000i\000\341}{}% 50
\BOOKMARK [1][-]{section.8.1}{\376\377\000V\000T\000O\000N\000\040\000B\000e\000n\000c\000h\000m\000a\000r\000k\000\040\000R\000e\000s\000u\000l\000t\000s}{chapter.8}% 51
\BOOKMARK [1][-]{section.8.2}{\376\377\000L\000L\000M\000\040\000O\000p\000t\000i\000m\000i\000z\000a\000t\000i\000o\000n\000\040\000R\000e\000s\000u\000l\000t\000s}{chapter.8}% 52
\BOOKMARK [1][-]{section.8.3}{\376\377\000N\000a\000t\000i\000v\000e\000\040\000B\000o\000u\000n\000d\000a\000r\000y\000\040\000E\000v\000a\000l\000u\000a\000t\000i\000o\000n}{chapter.8}% 53
\BOOKMARK [1][-]{section.8.4}{\376\377\000B\000a\000l\000a\000n\000c\000e\000r\000\040\000T\000e\000s\000t\000i\000n\000g}{chapter.8}% 54
\BOOKMARK [0][-]{chapter.9}{\376\377\000G\000i\036\333\000i\000\040\000h\036\241\000n\000\040\000v\000\340\000\040\000h\001\260\036\333\000n\000g\000\040\000p\000h\000\341\000t\000\040\000t\000r\000i\036\303\000n}{}% 55
\BOOKMARK [1][-]{section.9.1}{\376\377\000G\000i\036\333\000i\000\040\000h\036\241\000n\000\040\000h\000i\036\307\000n\000\040\000t\036\241\000i}{chapter.9}% 56
\BOOKMARK [1][-]{section.9.2}{\376\377\000H\001\260\036\333\000n\000g\000\040\000p\000h\000\341\000t\000\040\000t\000r\000i\036\303\000n}{chapter.9}% 57
\BOOKMARK [0][-]{chapter.10}{\376\377\000K\036\277\000t\000\040\000l\000u\036\255\000n}{}% 58
\BOOKMARK [0][-]{section*.21}{\376\377\000T\000\340\000i\000\040\000l\000i\036\307\000u\000\040\000t\000h\000a\000m\000\040\000k\000h\036\243\000o}{}% 59
